=================== AliasCheck@aliascheck.circom: AliasCheck@aliascheck ===================
    compiling...
[32mtemplate instances[0m: 3
non-linear constraints: 262
linear constraints: 259
public inputs: 0
public outputs: 0
private inputs: 254
private outputs: 0
wires: 774
labels: 774
[32mWritten successfully:[0m ./benchmarks/circomlib-cff5ab6/AliasCheck@aliascheck.r1cs
[32mWritten successfully:[0m ./benchmarks/circomlib-cff5ab6/AliasCheck@aliascheck.sym
[32mConstraints written in:[0m ./benchmarks/circomlib-cff5ab6/AliasCheck@aliascheck_constraints.json
[32mEverything went okay, circom safe[0m
=================== AND@gates.circom: AND@gates ===================
    compiling...
[32mtemplate instances[0m: 1
non-linear constraints: 1
linear constraints: 0
public inputs: 0
public outputs: 1
private inputs: 2
private outputs: 0
wires: 4
labels: 4
[32mWritten successfully:[0m ./benchmarks/circomlib-cff5ab6/AND@gates.r1cs
[32mWritten successfully:[0m ./benchmarks/circomlib-cff5ab6/AND@gates.sym
[32mConstraints written in:[0m ./benchmarks/circomlib-cff5ab6/AND@gates_constraints.json
[32mEverything went okay, circom safe[0m
=================== BabyAdd@babyjub.circom: BabyAdd@babyjub ===================
    compiling...
[32mtemplate instances[0m: 1
non-linear constraints: 6
linear constraints: 0
public inputs: 0
public outputs: 2
private inputs: 4
private outputs: 0
wires: 11
labels: 11
[32mWritten successfully:[0m ./benchmarks/circomlib-cff5ab6/BabyAdd@babyjub.r1cs
[32mWritten successfully:[0m ./benchmarks/circomlib-cff5ab6/BabyAdd@babyjub.sym
[32mConstraints written in:[0m ./benchmarks/circomlib-cff5ab6/BabyAdd@babyjub_constraints.json
[32mEverything went okay, circom safe[0m
=================== BabyCheck@babyjub.circom: BabyCheck@babyjub ===================
    compiling...
[32mtemplate instances[0m: 1
non-linear constraints: 3
linear constraints: 0
public inputs: 0
public outputs: 0
private inputs: 2
private outputs: 0
wires: 5
labels: 5
[32mWritten successfully:[0m ./benchmarks/circomlib-cff5ab6/BabyCheck@babyjub.r1cs
[32mWritten successfully:[0m ./benchmarks/circomlib-cff5ab6/BabyCheck@babyjub.sym
[32mConstraints written in:[0m ./benchmarks/circomlib-cff5ab6/BabyCheck@babyjub_constraints.json
[32mEverything went okay, circom safe[0m
=================== BabyDbl@babyjub.circom: BabyDbl@babyjub ===================
    compiling...
[32mtemplate instances[0m: 2
non-linear constraints: 6
linear constraints: 6
public inputs: 0
public outputs: 2
private inputs: 2
private outputs: 0
wires: 15
labels: 15
[32mWritten successfully:[0m ./benchmarks/circomlib-cff5ab6/BabyDbl@babyjub.r1cs
[32mWritten successfully:[0m ./benchmarks/circomlib-cff5ab6/BabyDbl@babyjub.sym
[32mConstraints written in:[0m ./benchmarks/circomlib-cff5ab6/BabyDbl@babyjub_constraints.json
[32mEverything went okay, circom safe[0m
=================== BabyPbk@babyjub.circom: BabyPbk@babyjub ===================
    compiling...
[32mtemplate instances[0m: 12
non-linear constraints: 3948
linear constraints: 6166
public inputs: 0
public outputs: 2
private inputs: 1
private outputs: 0
wires: 10115
labels: 10115
[32mWritten successfully:[0m ./benchmarks/circomlib-cff5ab6/BabyPbk@babyjub.r1cs
[32mWritten successfully:[0m ./benchmarks/circomlib-cff5ab6/BabyPbk@babyjub.sym
[32mConstraints written in:[0m ./benchmarks/circomlib-cff5ab6/BabyPbk@babyjub_constraints.json
[32mEverything went okay, circom safe[0m
=================== BinSub@binsub.circom: BinSub@binsub ===================
    compiling...
[32mtemplate instances[0m: 1
non-linear constraints: 3
linear constraints: 1
public inputs: 0
public outputs: 2
private inputs: 4
private outputs: 0
wires: 8
labels: 8
[32mWritten successfully:[0m ./benchmarks/circomlib-cff5ab6/BinSub@binsub.r1cs
[32mWritten successfully:[0m ./benchmarks/circomlib-cff5ab6/BinSub@binsub.sym
[32mConstraints written in:[0m ./benchmarks/circomlib-cff5ab6/BinSub@binsub_constraints.json
[32mEverything went okay, circom safe[0m
=================== BinSum@binsum.circom: BinSum@binsum ===================
    compiling...
[32mtemplate instances[0m: 1
non-linear constraints: 3
linear constraints: 1
public inputs: 0
public outputs: 3
private inputs: 4
private outputs: 0
wires: 8
labels: 8
[32mWritten successfully:[0m ./benchmarks/circomlib-cff5ab6/BinSum@binsum.r1cs
[32mWritten successfully:[0m ./benchmarks/circomlib-cff5ab6/BinSum@binsum.sym
[32mConstraints written in:[0m ./benchmarks/circomlib-cff5ab6/BinSum@binsum_constraints.json
[32mEverything went okay, circom safe[0m
=================== BitElementMulAny@escalarmulany.circom: BitElementMulAny@escalarmulany ===================
    compiling...
[32mtemplate instances[0m: 4
non-linear constraints: 9
linear constraints: 15
public inputs: 0
public outputs: 4
private inputs: 5
private outputs: 0
wires: 30
labels: 30
[32mWritten successfully:[0m ./benchmarks/circomlib-cff5ab6/BitElementMulAny@escalarmulany.r1cs
[32mWritten successfully:[0m ./benchmarks/circomlib-cff5ab6/BitElementMulAny@escalarmulany.sym
[32mConstraints written in:[0m ./benchmarks/circomlib-cff5ab6/BitElementMulAny@escalarmulany_constraints.json
[32mEverything went okay, circom safe[0m
=================== Bits2Num_strict@bitify.circom: Bits2Num_strict@bitify ===================
    compiling...
[32mtemplate instances[0m: 5
non-linear constraints: 262
linear constraints: 769
public inputs: 0
public outputs: 1
private inputs: 254
private outputs: 0
wires: 1284
labels: 1284
[32mWritten successfully:[0m ./benchmarks/circomlib-cff5ab6/Bits2Num_strict@bitify.r1cs
[32mWritten successfully:[0m ./benchmarks/circomlib-cff5ab6/Bits2Num_strict@bitify.sym
[32mConstraints written in:[0m ./benchmarks/circomlib-cff5ab6/Bits2Num_strict@bitify_constraints.json
[32mEverything went okay, circom safe[0m
=================== Bits2Num@bitify.circom: Bits2Num@bitify ===================
    compiling...
[32mtemplate instances[0m: 1
non-linear constraints: 0
linear constraints: 1
public inputs: 0
public outputs: 1
private inputs: 2
private outputs: 0
wires: 4
labels: 4
[32mWritten successfully:[0m ./benchmarks/circomlib-cff5ab6/Bits2Num@bitify.r1cs
[32mWritten successfully:[0m ./benchmarks/circomlib-cff5ab6/Bits2Num@bitify.sym
[32mConstraints written in:[0m ./benchmarks/circomlib-cff5ab6/Bits2Num@bitify_constraints.json
[32mEverything went okay, circom safe[0m
=================== Bits2Point_Strict@pointbits.circom: Bits2Point_Strict@pointbits ===================
    compiling...
[32mtemplate instances[0m: 8
non-linear constraints: 1043
linear constraints: 1546
public inputs: 0
public outputs: 2
private inputs: 256
private outputs: 0
wires: 2838
labels: 2838
[32mWritten successfully:[0m ./benchmarks/circomlib-cff5ab6/Bits2Point_Strict@pointbits.r1cs
[32mWritten successfully:[0m ./benchmarks/circomlib-cff5ab6/Bits2Point_Strict@pointbits.sym
[32mConstraints written in:[0m ./benchmarks/circomlib-cff5ab6/Bits2Point_Strict@pointbits_constraints.json
[32mEverything went okay, circom safe[0m
=================== CompConstant@compconstant.circom: CompConstant@compconstant ===================
    compiling...
[32mtemplate instances[0m: 2
non-linear constraints: 262
linear constraints: 4
public inputs: 0
public outputs: 1
private inputs: 254
private outputs: 0
wires: 520
labels: 520
[32mWritten successfully:[0m ./benchmarks/circomlib-cff5ab6/CompConstant@compconstant.r1cs
[32mWritten successfully:[0m ./benchmarks/circomlib-cff5ab6/CompConstant@compconstant.sym
[32mConstraints written in:[0m ./benchmarks/circomlib-cff5ab6/CompConstant@compconstant_constraints.json
[32mEverything went okay, circom safe[0m
=================== Decoder@multiplexer.circom: Decoder@multiplexer ===================
    compiling...
[32mtemplate instances[0m: 1
non-linear constraints: 3
linear constraints: 1
public inputs: 0
public outputs: 3
private inputs: 1
private outputs: 0
wires: 5
labels: 5
[32mWritten successfully:[0m ./benchmarks/circomlib-cff5ab6/Decoder@multiplexer.r1cs
[32mWritten successfully:[0m ./benchmarks/circomlib-cff5ab6/Decoder@multiplexer.sym
[32mConstraints written in:[0m ./benchmarks/circomlib-cff5ab6/Decoder@multiplexer_constraints.json
[32mEverything went okay, circom safe[0m
=================== EdDSAMiMCSpongeVerifier@eddsamimcsponge.circom: EdDSAMiMCSpongeVerifier@eddsamimcsponge ===================
    compiling...
[32mtemplate instances[0m: 28
non-linear constraints: 10368
linear constraints: 13948
public inputs: 0
public outputs: 0
private inputs: 7
private outputs: 0
wires: 24315
labels: 24315
[32mWritten successfully:[0m ./benchmarks/circomlib-cff5ab6/EdDSAMiMCSpongeVerifier@eddsamimcsponge.r1cs
[32mWritten successfully:[0m ./benchmarks/circomlib-cff5ab6/EdDSAMiMCSpongeVerifier@eddsamimcsponge.sym
[32mConstraints written in:[0m ./benchmarks/circomlib-cff5ab6/EdDSAMiMCSpongeVerifier@eddsamimcsponge_constraints.json
[32mEverything went okay, circom safe[0m
=================== EdDSAMiMCVerifier@eddsamimc.circom: EdDSAMiMCVerifier@eddsamimc ===================
    compiling...
[32mtemplate instances[0m: 28
non-linear constraints: 8888
linear constraints: 12849
public inputs: 0
public outputs: 0
private inputs: 7
private outputs: 0
wires: 21736
labels: 21736
[32mWritten successfully:[0m ./benchmarks/circomlib-cff5ab6/EdDSAMiMCVerifier@eddsamimc.r1cs
[32mWritten successfully:[0m ./benchmarks/circomlib-cff5ab6/EdDSAMiMCVerifier@eddsamimc.sym
[32mConstraints written in:[0m ./benchmarks/circomlib-cff5ab6/EdDSAMiMCVerifier@eddsamimc_constraints.json
[32mEverything went okay, circom safe[0m
=================== EdDSAPoseidonVerifier@eddsaposeidon.circom: EdDSAPoseidonVerifier@eddsaposeidon ===================
    compiling...
[32mtemplate instances[0m: 99
non-linear constraints: 7394
linear constraints: 13845
public inputs: 0
public outputs: 0
private inputs: 7
private outputs: 0
wires: 21238
labels: 21238
[32mWritten successfully:[0m ./benchmarks/circomlib-cff5ab6/EdDSAPoseidonVerifier@eddsaposeidon.r1cs
[32mWritten successfully:[0m ./benchmarks/circomlib-cff5ab6/EdDSAPoseidonVerifier@eddsaposeidon.sym
[32mConstraints written in:[0m ./benchmarks/circomlib-cff5ab6/EdDSAPoseidonVerifier@eddsaposeidon_constraints.json
[32mEverything went okay, circom safe[0m
=================== EdDSAVerifier@eddsa.circom: EdDSAVerifier@eddsa ===================
    compiling...
[32mtemplate instances[0m: 32
non-linear constraints: 16046
linear constraints: 26874
public inputs: 0
public outputs: 0
private inputs: 770
private outputs: 0
wires: 43661
labels: 43661
[32mWritten successfully:[0m ./benchmarks/circomlib-cff5ab6/EdDSAVerifier@eddsa.r1cs
[32mWritten successfully:[0m ./benchmarks/circomlib-cff5ab6/EdDSAVerifier@eddsa.sym
[32mConstraints written in:[0m ./benchmarks/circomlib-cff5ab6/EdDSAVerifier@eddsa_constraints.json
[32mEverything went okay, circom safe[0m
=================== Edwards2Montgomery@montgomery.circom: Edwards2Montgomery@montgomery ===================
    compiling...
[32mtemplate instances[0m: 1
non-linear constraints: 2
linear constraints: 0
public inputs: 0
public outputs: 2
private inputs: 2
private outputs: 0
wires: 5
labels: 5
[32mWritten successfully:[0m ./benchmarks/circomlib-cff5ab6/Edwards2Montgomery@montgomery.r1cs
[32mWritten successfully:[0m ./benchmarks/circomlib-cff5ab6/Edwards2Montgomery@montgomery.sym
[32mConstraints written in:[0m ./benchmarks/circomlib-cff5ab6/Edwards2Montgomery@montgomery_constraints.json
[32mEverything went okay, circom safe[0m
=================== EscalarMulAny@escalarmulany.circom: EscalarMulAny@escalarmulany ===================
    compiling...
[32mtemplate instances[0m: 10
non-linear constraints: 27
linear constraints: 40
public inputs: 0
public outputs: 2
private inputs: 4
private outputs: 0
wires: 72
labels: 72
[32mWritten successfully:[0m ./benchmarks/circomlib-cff5ab6/EscalarMulAny@escalarmulany.r1cs
[32mWritten successfully:[0m ./benchmarks/circomlib-cff5ab6/EscalarMulAny@escalarmulany.sym
[32mConstraints written in:[0m ./benchmarks/circomlib-cff5ab6/EscalarMulAny@escalarmulany_constraints.json
[32mEverything went okay, circom safe[0m
=================== EscalarProduct@multiplexer.circom: EscalarProduct@multiplexer ===================
    compiling...
[32mtemplate instances[0m: 1
non-linear constraints: 2
linear constraints: 1
public inputs: 0
public outputs: 1
private inputs: 4
private outputs: 0
wires: 8
labels: 8
[32mWritten successfully:[0m ./benchmarks/circomlib-cff5ab6/EscalarProduct@multiplexer.r1cs
[32mWritten successfully:[0m ./benchmarks/circomlib-cff5ab6/EscalarProduct@multiplexer.sym
[32mConstraints written in:[0m ./benchmarks/circomlib-cff5ab6/EscalarProduct@multiplexer_constraints.json
[32mEverything went okay, circom safe[0m
=================== ForceEqualIfEnabled@comparators.circom: ForceEqualIfEnabled@comparators ===================
    compiling...
[32mtemplate instances[0m: 2
non-linear constraints: 3
linear constraints: 1
public inputs: 0
public outputs: 0
private inputs: 3
private outputs: 0
wires: 7
labels: 7
[32mWritten successfully:[0m ./benchmarks/circomlib-cff5ab6/ForceEqualIfEnabled@comparators.r1cs
[32mWritten successfully:[0m ./benchmarks/circomlib-cff5ab6/ForceEqualIfEnabled@comparators.sym
[32mConstraints written in:[0m ./benchmarks/circomlib-cff5ab6/ForceEqualIfEnabled@comparators_constraints.json
[32mEverything went okay, circom safe[0m
=================== GreaterEqThan@comparators.circom: GreaterEqThan@comparators ===================
    compiling...
[32mtemplate instances[0m: 3
non-linear constraints: 3
linear constraints: 6
public inputs: 0
public outputs: 1
private inputs: 2
private outputs: 0
wires: 11
labels: 11
[32mWritten successfully:[0m ./benchmarks/circomlib-cff5ab6/GreaterEqThan@comparators.r1cs
[32mWritten successfully:[0m ./benchmarks/circomlib-cff5ab6/GreaterEqThan@comparators.sym
[32mConstraints written in:[0m ./benchmarks/circomlib-cff5ab6/GreaterEqThan@comparators_constraints.json
[32mEverything went okay, circom safe[0m
=================== GreaterThan@comparators.circom: GreaterThan@comparators ===================
    compiling...
[32mtemplate instances[0m: 3
non-linear constraints: 3
linear constraints: 6
public inputs: 0
public outputs: 1
private inputs: 2
private outputs: 0
wires: 11
labels: 11
[32mWritten successfully:[0m ./benchmarks/circomlib-cff5ab6/GreaterThan@comparators.r1cs
[32mWritten successfully:[0m ./benchmarks/circomlib-cff5ab6/GreaterThan@comparators.sym
[32mConstraints written in:[0m ./benchmarks/circomlib-cff5ab6/GreaterThan@comparators_constraints.json
[32mEverything went okay, circom safe[0m
=================== IsEqual@comparators.circom: IsEqual@comparators ===================
    compiling...
[32mtemplate instances[0m: 2
non-linear constraints: 2
linear constraints: 2
public inputs: 0
public outputs: 1
private inputs: 2
private outputs: 0
wires: 7
labels: 7
[32mWritten successfully:[0m ./benchmarks/circomlib-cff5ab6/IsEqual@comparators.r1cs
[32mWritten successfully:[0m ./benchmarks/circomlib-cff5ab6/IsEqual@comparators.sym
[32mConstraints written in:[0m ./benchmarks/circomlib-cff5ab6/IsEqual@comparators_constraints.json
[32mEverything went okay, circom safe[0m
=================== IsZero@comparators.circom: IsZero@comparators ===================
    compiling...
[32mtemplate instances[0m: 1
non-linear constraints: 2
linear constraints: 0
public inputs: 0
public outputs: 1
private inputs: 1
private outputs: 0
wires: 4
labels: 4
[32mWritten successfully:[0m ./benchmarks/circomlib-cff5ab6/IsZero@comparators.r1cs
[32mWritten successfully:[0m ./benchmarks/circomlib-cff5ab6/IsZero@comparators.sym
[32mConstraints written in:[0m ./benchmarks/circomlib-cff5ab6/IsZero@comparators_constraints.json
[32mEverything went okay, circom safe[0m
=================== LessEqThan@comparators.circom: LessEqThan@comparators ===================
    compiling...
[32mtemplate instances[0m: 3
non-linear constraints: 3
linear constraints: 6
public inputs: 0
public outputs: 1
private inputs: 2
private outputs: 0
wires: 11
labels: 11
[32mWritten successfully:[0m ./benchmarks/circomlib-cff5ab6/LessEqThan@comparators.r1cs
[32mWritten successfully:[0m ./benchmarks/circomlib-cff5ab6/LessEqThan@comparators.sym
[32mConstraints written in:[0m ./benchmarks/circomlib-cff5ab6/LessEqThan@comparators_constraints.json
[32mEverything went okay, circom safe[0m
=================== LessThan@comparators.circom: LessThan@comparators ===================
    compiling...
[32mtemplate instances[0m: 2
non-linear constraints: 3
linear constraints: 3
public inputs: 0
public outputs: 1
private inputs: 2
private outputs: 0
wires: 8
labels: 8
[32mWritten successfully:[0m ./benchmarks/circomlib-cff5ab6/LessThan@comparators.r1cs
[32mWritten successfully:[0m ./benchmarks/circomlib-cff5ab6/LessThan@comparators.sym
[32mConstraints written in:[0m ./benchmarks/circomlib-cff5ab6/LessThan@comparators_constraints.json
[32mEverything went okay, circom safe[0m
=================== MiMC7@mimc.circom: MiMC7@mimc ===================
    compiling...
[32mtemplate instances[0m: 1
non-linear constraints: 8
linear constraints: 0
public inputs: 0
public outputs: 1
private inputs: 2
private outputs: 0
wires: 11
labels: 11
[32mWritten successfully:[0m ./benchmarks/circomlib-cff5ab6/MiMC7@mimc.r1cs
[32mWritten successfully:[0m ./benchmarks/circomlib-cff5ab6/MiMC7@mimc.sym
[32mConstraints written in:[0m ./benchmarks/circomlib-cff5ab6/MiMC7@mimc_constraints.json
[32mEverything went okay, circom safe[0m
=================== MiMCFeistel@mimcsponge.circom: MiMCFeistel@mimcsponge ===================
    compiling...
[32mtemplate instances[0m: 1
non-linear constraints: 6
linear constraints: 2
public inputs: 0
public outputs: 2
private inputs: 3
private outputs: 0
wires: 12
labels: 12
[32mWritten successfully:[0m ./benchmarks/circomlib-cff5ab6/MiMCFeistel@mimcsponge.r1cs
[32mWritten successfully:[0m ./benchmarks/circomlib-cff5ab6/MiMCFeistel@mimcsponge.sym
[32mConstraints written in:[0m ./benchmarks/circomlib-cff5ab6/MiMCFeistel@mimcsponge_constraints.json
[32mEverything went okay, circom safe[0m
=================== MiMCSponge@mimcsponge.circom: MiMCSponge@mimcsponge ===================
    compiling...
[32mtemplate instances[0m: 2
non-linear constraints: 18
linear constraints: 17
public inputs: 0
public outputs: 2
private inputs: 3
private outputs: 0
wires: 39
labels: 39
[32mWritten successfully:[0m ./benchmarks/circomlib-cff5ab6/MiMCSponge@mimcsponge.r1cs
[32mWritten successfully:[0m ./benchmarks/circomlib-cff5ab6/MiMCSponge@mimcsponge.sym
[32mConstraints written in:[0m ./benchmarks/circomlib-cff5ab6/MiMCSponge@mimcsponge_constraints.json
[32mEverything went okay, circom safe[0m
=================== Montgomery2Edwards@montgomery.circom: Montgomery2Edwards@montgomery ===================
    compiling...
[32mtemplate instances[0m: 1
non-linear constraints: 2
linear constraints: 0
public inputs: 0
public outputs: 2
private inputs: 2
private outputs: 0
wires: 5
labels: 5
[32mWritten successfully:[0m ./benchmarks/circomlib-cff5ab6/Montgomery2Edwards@montgomery.r1cs
[32mWritten successfully:[0m ./benchmarks/circomlib-cff5ab6/Montgomery2Edwards@montgomery.sym
[32mConstraints written in:[0m ./benchmarks/circomlib-cff5ab6/Montgomery2Edwards@montgomery_constraints.json
[32mEverything went okay, circom safe[0m
=================== MontgomeryAdd@montgomery.circom: MontgomeryAdd@montgomery ===================
    compiling...
[32mtemplate instances[0m: 1
non-linear constraints: 3
linear constraints: 0
public inputs: 0
public outputs: 2
private inputs: 4
private outputs: 0
wires: 8
labels: 8
[32mWritten successfully:[0m ./benchmarks/circomlib-cff5ab6/MontgomeryAdd@montgomery.r1cs
[32mWritten successfully:[0m ./benchmarks/circomlib-cff5ab6/MontgomeryAdd@montgomery.sym
[32mConstraints written in:[0m ./benchmarks/circomlib-cff5ab6/MontgomeryAdd@montgomery_constraints.json
[32mEverything went okay, circom safe[0m
=================== MontgomeryDouble@montgomery.circom: MontgomeryDouble@montgomery ===================
    compiling...
[32mtemplate instances[0m: 1
non-linear constraints: 4
linear constraints: 0
public inputs: 0
public outputs: 2
private inputs: 2
private outputs: 0
wires: 7
labels: 7
[32mWritten successfully:[0m ./benchmarks/circomlib-cff5ab6/MontgomeryDouble@montgomery.r1cs
[32mWritten successfully:[0m ./benchmarks/circomlib-cff5ab6/MontgomeryDouble@montgomery.sym
[32mConstraints written in:[0m ./benchmarks/circomlib-cff5ab6/MontgomeryDouble@montgomery_constraints.json
[32mEverything went okay, circom safe[0m
=================== MultiAND@gates.circom: MultiAND@gates ===================
    compiling...
[32mtemplate instances[0m: 2
non-linear constraints: 1
linear constraints: 3
public inputs: 0
public outputs: 1
private inputs: 2
private outputs: 0
wires: 7
labels: 7
[32mWritten successfully:[0m ./benchmarks/circomlib-cff5ab6/MultiAND@gates.r1cs
[32mWritten successfully:[0m ./benchmarks/circomlib-cff5ab6/MultiAND@gates.sym
[32mConstraints written in:[0m ./benchmarks/circomlib-cff5ab6/MultiAND@gates_constraints.json
[32mEverything went okay, circom safe[0m
=================== MultiMiMC7@mimc.circom: MultiMiMC7@mimc ===================
    compiling...
[32mtemplate instances[0m: 2
non-linear constraints: 16
linear constraints: 8
public inputs: 0
public outputs: 1
private inputs: 3
private outputs: 0
wires: 28
labels: 28
[32mWritten successfully:[0m ./benchmarks/circomlib-cff5ab6/MultiMiMC7@mimc.r1cs
[32mWritten successfully:[0m ./benchmarks/circomlib-cff5ab6/MultiMiMC7@mimc.sym
[32mConstraints written in:[0m ./benchmarks/circomlib-cff5ab6/MultiMiMC7@mimc_constraints.json
[32mEverything went okay, circom safe[0m
=================== MultiMux1@mux1.circom: MultiMux1@mux1 ===================
    compiling...
[32mtemplate instances[0m: 1
non-linear constraints: 2
linear constraints: 0
public inputs: 0
public outputs: 2
private inputs: 5
private outputs: 0
wires: 8
labels: 8
[32mWritten successfully:[0m ./benchmarks/circomlib-cff5ab6/MultiMux1@mux1.r1cs
[32mWritten successfully:[0m ./benchmarks/circomlib-cff5ab6/MultiMux1@mux1.sym
[32mConstraints written in:[0m ./benchmarks/circomlib-cff5ab6/MultiMux1@mux1_constraints.json
[32mEverything went okay, circom safe[0m
=================== MultiMux2@mux2.circom: MultiMux2@mux2 ===================
    compiling...
[32mtemplate instances[0m: 1
non-linear constraints: 7
linear constraints: 4
public inputs: 0
public outputs: 2
private inputs: 10
private outputs: 0
wires: 22
labels: 22
[32mWritten successfully:[0m ./benchmarks/circomlib-cff5ab6/MultiMux2@mux2.r1cs
[32mWritten successfully:[0m ./benchmarks/circomlib-cff5ab6/MultiMux2@mux2.sym
[32mConstraints written in:[0m ./benchmarks/circomlib-cff5ab6/MultiMux2@mux2_constraints.json
[32mEverything went okay, circom safe[0m
=================== MultiMux3@mux3.circom: MultiMux3@mux3 ===================
    compiling...
[32mtemplate instances[0m: 1
non-linear constraints: 15
linear constraints: 4
public inputs: 0
public outputs: 2
private inputs: 19
private outputs: 0
wires: 39
labels: 39
[32mWritten successfully:[0m ./benchmarks/circomlib-cff5ab6/MultiMux3@mux3.r1cs
[32mWritten successfully:[0m ./benchmarks/circomlib-cff5ab6/MultiMux3@mux3.sym
[32mConstraints written in:[0m ./benchmarks/circomlib-cff5ab6/MultiMux3@mux3_constraints.json
[32mEverything went okay, circom safe[0m
=================== MultiMux4@mux4.circom: MultiMux4@mux4 ===================
    compiling...
[32mtemplate instances[0m: 1
non-linear constraints: 34
linear constraints: 4
public inputs: 0
public outputs: 2
private inputs: 36
private outputs: 0
wires: 75
labels: 75
[32mWritten successfully:[0m ./benchmarks/circomlib-cff5ab6/MultiMux4@mux4.r1cs
[32mWritten successfully:[0m ./benchmarks/circomlib-cff5ab6/MultiMux4@mux4.sym
[32mConstraints written in:[0m ./benchmarks/circomlib-cff5ab6/MultiMux4@mux4_constraints.json
[32mEverything went okay, circom safe[0m
=================== Multiplexer@multiplexer.circom: Multiplexer@multiplexer ===================
    compiling...
[32mtemplate instances[0m: 3
non-linear constraints: 7
linear constraints: 15
public inputs: 0
public outputs: 2
private inputs: 5
private outputs: 0
wires: 26
labels: 26
[32mWritten successfully:[0m ./benchmarks/circomlib-cff5ab6/Multiplexer@multiplexer.r1cs
[32mWritten successfully:[0m ./benchmarks/circomlib-cff5ab6/Multiplexer@multiplexer.sym
[32mConstraints written in:[0m ./benchmarks/circomlib-cff5ab6/Multiplexer@multiplexer_constraints.json
[32mEverything went okay, circom safe[0m
=================== Multiplexor2@escalarmulany.circom: Multiplexor2@escalarmulany ===================
    compiling...
[32mtemplate instances[0m: 1
non-linear constraints: 2
linear constraints: 0
public inputs: 0
public outputs: 2
private inputs: 5
private outputs: 0
wires: 8
labels: 8
[32mWritten successfully:[0m ./benchmarks/circomlib-cff5ab6/Multiplexor2@escalarmulany.r1cs
[32mWritten successfully:[0m ./benchmarks/circomlib-cff5ab6/Multiplexor2@escalarmulany.sym
[32mConstraints written in:[0m ./benchmarks/circomlib-cff5ab6/Multiplexor2@escalarmulany_constraints.json
[32mEverything went okay, circom safe[0m
=================== Mux1@mux1.circom: Mux1@mux1 ===================
    compiling...
[32mtemplate instances[0m: 2
non-linear constraints: 1
linear constraints: 4
public inputs: 0
public outputs: 1
private inputs: 3
private outputs: 0
wires: 9
labels: 9
[32mWritten successfully:[0m ./benchmarks/circomlib-cff5ab6/Mux1@mux1.r1cs
[32mWritten successfully:[0m ./benchmarks/circomlib-cff5ab6/Mux1@mux1.sym
[32mConstraints written in:[0m ./benchmarks/circomlib-cff5ab6/Mux1@mux1_constraints.json
[32mEverything went okay, circom safe[0m
=================== Mux2@mux2.circom: Mux2@mux2 ===================
    compiling...
[32mtemplate instances[0m: 2
non-linear constraints: 4
linear constraints: 9
public inputs: 0
public outputs: 1
private inputs: 6
private outputs: 0
wires: 20
labels: 20
[32mWritten successfully:[0m ./benchmarks/circomlib-cff5ab6/Mux2@mux2.r1cs
[32mWritten successfully:[0m ./benchmarks/circomlib-cff5ab6/Mux2@mux2.sym
[32mConstraints written in:[0m ./benchmarks/circomlib-cff5ab6/Mux2@mux2_constraints.json
[32mEverything went okay, circom safe[0m
=================== Mux3@mux3.circom: Mux3@mux3 ===================
    compiling...
[32mtemplate instances[0m: 2
non-linear constraints: 8
linear constraints: 14
public inputs: 0
public outputs: 1
private inputs: 11
private outputs: 0
wires: 34
labels: 34
[32mWritten successfully:[0m ./benchmarks/circomlib-cff5ab6/Mux3@mux3.r1cs
[32mWritten successfully:[0m ./benchmarks/circomlib-cff5ab6/Mux3@mux3.sym
[32mConstraints written in:[0m ./benchmarks/circomlib-cff5ab6/Mux3@mux3_constraints.json
[32mEverything went okay, circom safe[0m
=================== Mux4@mux4.circom: Mux4@mux4 ===================
    compiling...
[32mtemplate instances[0m: 2
non-linear constraints: 19
linear constraints: 23
public inputs: 0
public outputs: 1
private inputs: 20
private outputs: 0
wires: 63
labels: 63
[32mWritten successfully:[0m ./benchmarks/circomlib-cff5ab6/Mux4@mux4.r1cs
[32mWritten successfully:[0m ./benchmarks/circomlib-cff5ab6/Mux4@mux4.sym
[32mConstraints written in:[0m ./benchmarks/circomlib-cff5ab6/Mux4@mux4_constraints.json
[32mEverything went okay, circom safe[0m
=================== NAND@gates.circom: NAND@gates ===================
    compiling...
[32mtemplate instances[0m: 1
non-linear constraints: 1
linear constraints: 0
public inputs: 0
public outputs: 1
private inputs: 2
private outputs: 0
wires: 4
labels: 4
[32mWritten successfully:[0m ./benchmarks/circomlib-cff5ab6/NAND@gates.r1cs
[32mWritten successfully:[0m ./benchmarks/circomlib-cff5ab6/NAND@gates.sym
[32mConstraints written in:[0m ./benchmarks/circomlib-cff5ab6/NAND@gates_constraints.json
[32mEverything went okay, circom safe[0m
=================== NOR@gates.circom: NOR@gates ===================
    compiling...
[32mtemplate instances[0m: 1
non-linear constraints: 1
linear constraints: 0
public inputs: 0
public outputs: 1
private inputs: 2
private outputs: 0
wires: 4
labels: 4
[32mWritten successfully:[0m ./benchmarks/circomlib-cff5ab6/NOR@gates.r1cs
[32mWritten successfully:[0m ./benchmarks/circomlib-cff5ab6/NOR@gates.sym
[32mConstraints written in:[0m ./benchmarks/circomlib-cff5ab6/NOR@gates_constraints.json
[32mEverything went okay, circom safe[0m
=================== NOT@gates.circom: NOT@gates ===================
    compiling...
[32mtemplate instances[0m: 1
non-linear constraints: 0
linear constraints: 1
public inputs: 0
public outputs: 1
private inputs: 1
private outputs: 0
wires: 3
labels: 3
[32mWritten successfully:[0m ./benchmarks/circomlib-cff5ab6/NOT@gates.r1cs
[32mWritten successfully:[0m ./benchmarks/circomlib-cff5ab6/NOT@gates.sym
[32mConstraints written in:[0m ./benchmarks/circomlib-cff5ab6/NOT@gates_constraints.json
[32mEverything went okay, circom safe[0m
=================== Num2Bits_strict@bitify.circom: Num2Bits_strict@bitify ===================
    compiling...
[32mtemplate instances[0m: 5
non-linear constraints: 516
linear constraints: 769
public inputs: 0
public outputs: 254
private inputs: 1
private outputs: 0
wires: 1284
labels: 1284
[32mWritten successfully:[0m ./benchmarks/circomlib-cff5ab6/Num2Bits_strict@bitify.r1cs
[32mWritten successfully:[0m ./benchmarks/circomlib-cff5ab6/Num2Bits_strict@bitify.sym
[32mConstraints written in:[0m ./benchmarks/circomlib-cff5ab6/Num2Bits_strict@bitify_constraints.json
[32mEverything went okay, circom safe[0m
=================== Num2Bits@bitify.circom: Num2Bits@bitify ===================
    compiling...
[32mtemplate instances[0m: 1
non-linear constraints: 2
linear constraints: 1
public inputs: 0
public outputs: 2
private inputs: 1
private outputs: 0
wires: 4
labels: 4
[32mWritten successfully:[0m ./benchmarks/circomlib-cff5ab6/Num2Bits@bitify.r1cs
[32mWritten successfully:[0m ./benchmarks/circomlib-cff5ab6/Num2Bits@bitify.sym
[32mConstraints written in:[0m ./benchmarks/circomlib-cff5ab6/Num2Bits@bitify_constraints.json
[32mEverything went okay, circom safe[0m
=================== Num2BitsNeg@bitify.circom: Num2BitsNeg@bitify ===================
    compiling...
[32mtemplate instances[0m: 2
non-linear constraints: 4
linear constraints: 2
public inputs: 0
public outputs: 2
private inputs: 1
private outputs: 0
wires: 7
labels: 7
[32mWritten successfully:[0m ./benchmarks/circomlib-cff5ab6/Num2BitsNeg@bitify.r1cs
[32mWritten successfully:[0m ./benchmarks/circomlib-cff5ab6/Num2BitsNeg@bitify.sym
[32mConstraints written in:[0m ./benchmarks/circomlib-cff5ab6/Num2BitsNeg@bitify_constraints.json
[32mEverything went okay, circom safe[0m
=================== OR@gates.circom: OR@gates ===================
    compiling...
[32mtemplate instances[0m: 1
non-linear constraints: 1
linear constraints: 0
public inputs: 0
public outputs: 1
private inputs: 2
private outputs: 0
wires: 4
labels: 4
[32mWritten successfully:[0m ./benchmarks/circomlib-cff5ab6/OR@gates.r1cs
[32mWritten successfully:[0m ./benchmarks/circomlib-cff5ab6/OR@gates.sym
[32mConstraints written in:[0m ./benchmarks/circomlib-cff5ab6/OR@gates_constraints.json
[32mEverything went okay, circom safe[0m
=================== Pedersen@pedersen_old.circom: Pedersen@pedersen_old ===================
    compiling...
[32mtemplate instances[0m: 5
non-linear constraints: 40
linear constraints: 60
public inputs: 0
public outputs: 2
private inputs: 2
private outputs: 0
wires: 103
labels: 103
[32mWritten successfully:[0m ./benchmarks/circomlib-cff5ab6/Pedersen@pedersen_old.r1cs
[32mWritten successfully:[0m ./benchmarks/circomlib-cff5ab6/Pedersen@pedersen_old.sym
[32mConstraints written in:[0m ./benchmarks/circomlib-cff5ab6/Pedersen@pedersen_old_constraints.json
[32mEverything went okay, circom safe[0m
=================== Pedersen@pedersen.circom: Pedersen@pedersen ===================
    compiling...
[32mtemplate instances[0m: 8
non-linear constraints: 42
linear constraints: 72
public inputs: 0
public outputs: 2
private inputs: 2
private outputs: 0
wires: 117
labels: 117
[32mWritten successfully:[0m ./benchmarks/circomlib-cff5ab6/Pedersen@pedersen.r1cs
[32mWritten successfully:[0m ./benchmarks/circomlib-cff5ab6/Pedersen@pedersen.sym
[32mConstraints written in:[0m ./benchmarks/circomlib-cff5ab6/Pedersen@pedersen_constraints.json
[32mEverything went okay, circom safe[0m
=================== Point2Bits_Strict@pointbits.circom: Point2Bits_Strict@pointbits ===================
    compiling...
[32mtemplate instances[0m: 6
non-linear constraints: 1294
linear constraints: 1544
public inputs: 0
public outputs: 256
private inputs: 2
private outputs: 0
wires: 2834
labels: 2834
[32mWritten successfully:[0m ./benchmarks/circomlib-cff5ab6/Point2Bits_Strict@pointbits.r1cs
[32mWritten successfully:[0m ./benchmarks/circomlib-cff5ab6/Point2Bits_Strict@pointbits.sym
[32mConstraints written in:[0m ./benchmarks/circomlib-cff5ab6/Point2Bits_Strict@pointbits_constraints.json
[32mEverything went okay, circom safe[0m
=================== Poseidon@poseidon.circom: Poseidon@poseidon ===================
    compiling...
[32mtemplate instances[0m: 70
non-linear constraints: 243
linear constraints: 518
public inputs: 0
public outputs: 1
private inputs: 2
private outputs: 0
wires: 764
labels: 764
[32mWritten successfully:[0m ./benchmarks/circomlib-cff5ab6/Poseidon@poseidon.r1cs
[32mWritten successfully:[0m ./benchmarks/circomlib-cff5ab6/Poseidon@poseidon.sym
[32mConstraints written in:[0m ./benchmarks/circomlib-cff5ab6/Poseidon@poseidon_constraints.json
[32mEverything went okay, circom safe[0m
=================== Segment@pedersen.circom: Segment@pedersen ===================
    compiling...
[32mtemplate instances[0m: 7
non-linear constraints: 91
linear constraints: 130
public inputs: 0
public outputs: 2
private inputs: 10
private outputs: 0
wires: 232
labels: 232
[32mWritten successfully:[0m ./benchmarks/circomlib-cff5ab6/Segment@pedersen.r1cs
[32mWritten successfully:[0m ./benchmarks/circomlib-cff5ab6/Segment@pedersen.sym
[32mConstraints written in:[0m ./benchmarks/circomlib-cff5ab6/Segment@pedersen_constraints.json
[32mEverything went okay, circom safe[0m
=================== SegmentMulAny@escalarmulany.circom: SegmentMulAny@escalarmulany ===================
    compiling...
[32mtemplate instances[0m: 8
non-linear constraints: 21
linear constraints: 37
public inputs: 0
public outputs: 4
private inputs: 4
private outputs: 0
wires: 63
labels: 63
[32mWritten successfully:[0m ./benchmarks/circomlib-cff5ab6/SegmentMulAny@escalarmulany.r1cs
[32mWritten successfully:[0m ./benchmarks/circomlib-cff5ab6/SegmentMulAny@escalarmulany.sym
[32mConstraints written in:[0m ./benchmarks/circomlib-cff5ab6/SegmentMulAny@escalarmulany_constraints.json
[32mEverything went okay, circom safe[0m
=================== SegmentMulFix@escalarmulfix.circom: SegmentMulFix@escalarmulfix ===================
    compiling...
[32mtemplate instances[0m: 8
non-linear constraints: 102
linear constraints: 148
public inputs: 0
public outputs: 4
private inputs: 8
private outputs: 0
wires: 259
labels: 259
[32mWritten successfully:[0m ./benchmarks/circomlib-cff5ab6/SegmentMulFix@escalarmulfix.r1cs
[32mWritten successfully:[0m ./benchmarks/circomlib-cff5ab6/SegmentMulFix@escalarmulfix.sym
[32mConstraints written in:[0m ./benchmarks/circomlib-cff5ab6/SegmentMulFix@escalarmulfix_constraints.json
[32mEverything went okay, circom safe[0m
=================== Sigma@poseidon.circom: Sigma@poseidon ===================
    compiling...
[32mtemplate instances[0m: 1
non-linear constraints: 3
linear constraints: 0
public inputs: 0
public outputs: 1
private inputs: 1
private outputs: 0
wires: 5
labels: 5
[32mWritten successfully:[0m ./benchmarks/circomlib-cff5ab6/Sigma@poseidon.r1cs
[32mWritten successfully:[0m ./benchmarks/circomlib-cff5ab6/Sigma@poseidon.sym
[32mConstraints written in:[0m ./benchmarks/circomlib-cff5ab6/Sigma@poseidon_constraints.json
[32mEverything went okay, circom safe[0m
=================== Sign@sign.circom: Sign@sign ===================
    compiling...
[32mtemplate instances[0m: 3
non-linear constraints: 262
linear constraints: 259
public inputs: 0
public outputs: 1
private inputs: 254
private outputs: 0
wires: 775
labels: 775
[32mWritten successfully:[0m ./benchmarks/circomlib-cff5ab6/Sign@sign.r1cs
[32mWritten successfully:[0m ./benchmarks/circomlib-cff5ab6/Sign@sign.sym
[32mConstraints written in:[0m ./benchmarks/circomlib-cff5ab6/Sign@sign_constraints.json
[32mEverything went okay, circom safe[0m
=================== Switcher@switcher.circom: Switcher@switcher ===================
    compiling...
[32mtemplate instances[0m: 1
non-linear constraints: 1
linear constraints: 2
public inputs: 0
public outputs: 2
private inputs: 3
private outputs: 0
wires: 7
labels: 7
[32mWritten successfully:[0m ./benchmarks/circomlib-cff5ab6/Switcher@switcher.r1cs
[32mWritten successfully:[0m ./benchmarks/circomlib-cff5ab6/Switcher@switcher.sym
[32mConstraints written in:[0m ./benchmarks/circomlib-cff5ab6/Switcher@switcher_constraints.json
[32mEverything went okay, circom safe[0m
=================== Window4@pedersen.circom: Window4@pedersen ===================
    compiling...
[32mtemplate instances[0m: 4
non-linear constraints: 38
linear constraints: 52
public inputs: 0
public outputs: 4
private inputs: 6
private outputs: 0
wires: 97
labels: 97
[32mWritten successfully:[0m ./benchmarks/circomlib-cff5ab6/Window4@pedersen.r1cs
[32mWritten successfully:[0m ./benchmarks/circomlib-cff5ab6/Window4@pedersen.sym
[32mConstraints written in:[0m ./benchmarks/circomlib-cff5ab6/Window4@pedersen_constraints.json
[32mEverything went okay, circom safe[0m
=================== WindowMulFix@escalarmulfix.circom: WindowMulFix@escalarmulfix ===================
    compiling...
[32mtemplate instances[0m: 4
non-linear constraints: 37
linear constraints: 53
public inputs: 0
public outputs: 4
private inputs: 5
private outputs: 0
wires: 96
labels: 96
[32mWritten successfully:[0m ./benchmarks/circomlib-cff5ab6/WindowMulFix@escalarmulfix.r1cs
[32mWritten successfully:[0m ./benchmarks/circomlib-cff5ab6/WindowMulFix@escalarmulfix.sym
[32mConstraints written in:[0m ./benchmarks/circomlib-cff5ab6/WindowMulFix@escalarmulfix_constraints.json
[32mEverything went okay, circom safe[0m
=================== XOR@gates.circom: XOR@gates ===================
    compiling...
[32mtemplate instances[0m: 1
non-linear constraints: 1
linear constraints: 0
public inputs: 0
public outputs: 1
private inputs: 2
private outputs: 0
wires: 4
labels: 4
[32mWritten successfully:[0m ./benchmarks/circomlib-cff5ab6/XOR@gates.r1cs
[32mWritten successfully:[0m ./benchmarks/circomlib-cff5ab6/XOR@gates.sym
[32mConstraints written in:[0m ./benchmarks/circomlib-cff5ab6/XOR@gates_constraints.json
[32mEverything went okay, circom safe[0m
